[csharpexercises.com/index.html]
[backblue.gif]
[fade.gif]
[index.html]
[csharpexercises.com/Style/style.min.css]
[csharpexercises.com/Style/customstyle.css]
[csharpexercises.com/Style/sunlight.min.css]
[cdnjs.cloudflare.com/ajax/libs/cookieconsent2/3.1.0/cookieconsent.min.css]
[cdnjs.cloudflare.com/ajax/libs/cookieconsent2/3.1.0/cookieconsent.min.js]
[csharpexercises.com/contact.html]
[csharpexercises.com/loops/exercise/draw-christmas-tree.html]
[csharpexercises.com/basics.html]
[csharpexercises.com/conditional-statements.html]
[csharpexercises.com/loops.html]
[csharpexercises.com/strings.html]
[csharpexercises.com/recursion.html]
[csharpexercises.com/library-functions.html]
[csharpexercises.com/regular-expressions.html]
[csharpexercises.com/linq.html]
[csharpexercises.com/miscellaneous.html]
[csharpexercises.com/Style/style.min.js]
[csharpexercises.com/Style/sunlight.min.js]
[csharpexercises.com/Style/custom.js]
[csharpexercises.com/index.html]
[csharpexercises.com/Style/style.min.css]
[csharpexercises.com/Style/customstyle.css]
[csharpexercises.com/Style/sunlight.min.css]
[cdnjs.cloudflare.com/ajax/libs/cookieconsent2/3.1.0/cookieconsent.min.css]
[csharpexercises.com/contact.html]
[csharpexercises.com/loops/exercise/draw-christmas-tree.html]
[csharpexercises.com/basics/difficulty.html]
[csharpexercises.com/basics/dateAdded.html]
[csharpexercises.com/basics/exercise/add-two-numbers.html]
[csharpexercises.com/basics/exercise/celsius-to-fahrenheit.html]
[csharpexercises.com/basics/exercise/elementary-operations.html]
[csharpexercises.com/basics/exercise/is-result-the-same.html]
[csharpexercises.com/basics/exercise/modulo-operations.html]
[csharpexercises.com/basics/exercise/the-cube-of.html]
[csharpexercises.com/basics.html]
[csharpexercises.com/basics/exercise/swap-two-numbers.html]
[csharpexercises.com/conditional-statements/difficulty.html]
[csharpexercises.com/conditional-statements/dateAdded.html]
[csharpexercises.com/conditional-statements/exercise/absolute-value.html]
[csharpexercises.com/conditional-statements/exercise/divisible-by-2-or-3.html]
[csharpexercises.com/conditional-statements/exercise/if-consists-of-uppercase-letters.html]
[csharpexercises.com/conditional-statements/exercise/if-greater-than-third-one.html]
[csharpexercises.com/conditional-statements/exercise/if-number-is-even.html]
[csharpexercises.com/conditional-statements/exercise/if-sorted-ascending.html]
[csharpexercises.com/conditional-statements/exercise/if-has-neighbour.html]
[csharpexercises.com/conditional-statements/exercise/positive,-negative-or-zero.html]
[csharpexercises.com/conditional-statements/exercise/if-year-is-leap.html]
[csharpexercises.com/conditional-statements.html]
[csharpexercises.com/conditional-statements/exercise/if-number-contains-3.html]
[csharpexercises.com/loops/difficulty.html]
[csharpexercises.com/loops/dateAdded.html]
[csharpexercises.com/loops/exercise/multiplication-table.html]
[csharpexercises.com/loops/exercise/fractions-sum.html]
[csharpexercises.com/loops/exercise/sort-array-ascending.html]
[csharpexercises.com/loops/exercise/the-biggest-number.html]
[csharpexercises.com/loops/exercise/two-7s-next-to-each-other.html]
[csharpexercises.com/loops/exercise/three-increasing-adjacent.html]
[csharpexercises.com/loops/exercise/return-even-numbers.html]
[csharpexercises.com/loops/exercise/sieve-of-eratosthenes.html]
[csharpexercises.com/loops/exercise/draw-hourglass.html]
[csharpexercises.com/loops/exercise/draw-parallelogram.html]
[csharpexercises.com/loops/exercise/extract-string.html]
[csharpexercises.com/loops/exercise/full-sequence-of-letters.html]
[csharpexercises.com/loops/exercise/longest-strictly-increasing-sequence.html]
[csharpexercises.com/loops/exercise/bits-to-number.html]
[csharpexercises.com/loops/exercise/digits-sum.html]
[csharpexercises.com/loops/exercise/sum-and-average.html]
[csharpexercises.com/loops/exercise/sum-double-only.html]
[csharpexercises.com/loops/exercise/draw-triangle.html]
[csharpexercises.com/loops/exercise/to-the-power-of.html]
[csharpexercises.com/loops/exercise/letters-balance.html]
[csharpexercises.com/loops/exercise/replace-two-words.html]
[csharpexercises.com/loops.html]
[csharpexercises.com/loops/exercise/digital-root.html]
[csharpexercises.com/strings/difficulty.html]
[csharpexercises.com/strings/dateAdded.html]
[csharpexercises.com/strings/exercise/check-brackets-sequence.html]
[csharpexercises.com/strings/exercise/add-separator.html]
[csharpexercises.com/strings/exercise/is-palindrome.html]
[csharpexercises.com/strings/exercise/length-of-string.html]
[csharpexercises.com/strings/exercise/string-in-reverse-order.html]
[csharpexercises.com/strings/exercise/make-uppercase.html]
[csharpexercises.com/strings/exercise/mix-two-strings.html]
[csharpexercises.com/strings/exercise/number-of-words.html]
[csharpexercises.com/strings/exercise/revert-words-order.html]
[csharpexercises.com/strings/exercise/how-many-occurrences.html]
[csharpexercises.com/strings/exercise/sort-characters-descending.html]
[csharpexercises.com/strings.html]
[csharpexercises.com/strings/exercise/compress-string.html]
[csharpexercises.com/recursion/difficulty.html]
[csharpexercises.com/recursion/dateAdded.html]
[csharpexercises.com/recursion/exercise/digits-multiplication.html]
[csharpexercises.com/recursion/exercise/factorial.html]
[csharpexercises.com/recursion/exercise/fibonacci-number.html]
[csharpexercises.com/recursion/exercise/numbers-multiplication.html]
[csharpexercises.com/recursion/exercise/to-the-power-of-(recursion).html]
[csharpexercises.com/recursion/exercise/is-palindrome-(recursion).html]
[csharpexercises.com/recursion.html]
[csharpexercises.com/recursion/exercise/minimum-element.html]
[csharpexercises.com/library-functions/difficulty.html]
[csharpexercises.com/library-functions/dateAdded.html]
[csharpexercises.com/library-functions/exercise/negative-or-positive.html]
[csharpexercises.com/library-functions/exercise/replace-x-with-y.html]
[csharpexercises.com/library-functions/exercise/to-lower-or-to-upper.html]
[csharpexercises.com/library-functions.html]
[csharpexercises.com/library-functions/exercise/if-starts-with-lower-case.html]
[csharpexercises.com/regular-expressions/difficulty.html]
[csharpexercises.com/regular-expressions/dateAdded.html]
[csharpexercises.com/regular-expressions/exercise/almost-only-letters.html]
[csharpexercises.com/regular-expressions/exercise/check-phone-number.html]
[csharpexercises.com/regular-expressions/exercise/decimal-digit-information.html]
[csharpexercises.com/regular-expressions/exercise/every-word-in-the-string.html]
[csharpexercises.com/regular-expressions.html]
[csharpexercises.com/regular-expressions/exercise/replace-good-with-bad.html]
[csharpexercises.com/linq/difficulty.html]
[csharpexercises.com/linq/dateAdded.html]
[csharpexercises.com/linq/exercise/numbers-from-range.html]
[csharpexercises.com/linq/exercise/minimum-length.html]
[csharpexercises.com/linq/exercise/select-words.html]
[csharpexercises.com/linq/exercise/top-5-numbers.html]
[csharpexercises.com/linq/exercise/square-greater-than-20.html]
[csharpexercises.com/linq/exercise/replace-substring.html]
[csharpexercises.com/linq/exercise/uppercase-only.html]
[csharpexercises.com/linq/exercise/arrays-dot-product.html]
[csharpexercises.com/linq/exercise/frequency-of-letters.html]
[csharpexercises.com/linq/exercise/shuffle-an-array.html]
[csharpexercises.com/linq/exercise/decrypt-number.html]
[csharpexercises.com/linq/exercise/most-frequent-character.html]
[csharpexercises.com/linq/exercise/transpose-an-array.html]
[csharpexercises.com/linq/exercise/days-names.html]
[csharpexercises.com/linq.html]
[csharpexercises.com/linq/exercise/double-letters.html]
[csharpexercises.com/miscellaneous/difficulty.html]
[csharpexercises.com/miscellaneous/dateAdded.html]
[csharpexercises.com/miscellaneous.html]
[csharpexercises.com/basics/difficulty.html]
[csharpexercises.com/basics/dateAdded.html]
[csharpexercises.com/basics/exercise/add-two-numbers.html]
[csharpexercises.com/basics/exercise/celsius-to-fahrenheit.html]
[csharpexercises.com/basics/exercise/elementary-operations.html]
[csharpexercises.com/basics/exercise/is-result-the-same.html]
[csharpexercises.com/basics/exercise/modulo-operations.html]
[csharpexercises.com/basics/exercise/the-cube-of.html]
[csharpexercises.com/basics/exercise/swap-two-numbers.html]
[csharpexercises.com/conditional-statements/difficulty.html]
[csharpexercises.com/conditional-statements/dateAdded.html]
[csharpexercises.com/conditional-statements/exercise/absolute-value.html]
[csharpexercises.com/conditional-statements/exercise/divisible-by-2-or-3.html]
[csharpexercises.com/conditional-statements/exercise/if-consists-of-uppercase-letters.html]
[csharpexercises.com/conditional-statements/exercise/if-greater-than-third-one.html]
[csharpexercises.com/conditional-statements/exercise/if-number-is-even.html]
[csharpexercises.com/conditional-statements/exercise/if-sorted-ascending.html]
[csharpexercises.com/conditional-statements/exercise/if-has-neighbour.html]
[csharpexercises.com/conditional-statements/exercise/positive,-negative-or-zero.html]
[csharpexercises.com/conditional-statements/exercise/if-year-is-leap.html]
[csharpexercises.com/conditional-statements/exercise/if-number-contains-3.html]
[csharpexercises.com/loops/difficulty.html]
[csharpexercises.com/loops/dateAdded.html]
[csharpexercises.com/loops/exercise/multiplication-table.html]
[csharpexercises.com/loops/exercise/fractions-sum.html]
[csharpexercises.com/loops/exercise/sort-array-ascending.html]
[csharpexercises.com/loops/exercise/the-biggest-number.html]
[csharpexercises.com/loops/exercise/two-7s-next-to-each-other.html]
[csharpexercises.com/loops/exercise/three-increasing-adjacent.html]
[csharpexercises.com/loops/exercise/return-even-numbers.html]
[csharpexercises.com/loops/exercise/sieve-of-eratosthenes.html]
[csharpexercises.com/loops/exercise/draw-hourglass.html]
[csharpexercises.com/loops/exercise/draw-parallelogram.html]
[csharpexercises.com/loops/exercise/extract-string.html]
[csharpexercises.com/loops/exercise/full-sequence-of-letters.html]
[csharpexercises.com/loops/exercise/longest-strictly-increasing-sequence.html]
[csharpexercises.com/loops/exercise/bits-to-number.html]
[csharpexercises.com/loops/exercise/digits-sum.html]
[csharpexercises.com/loops/exercise/sum-and-average.html]
[csharpexercises.com/loops/exercise/sum-double-only.html]
[csharpexercises.com/loops/exercise/draw-triangle.html]
[csharpexercises.com/loops/exercise/to-the-power-of.html]
[csharpexercises.com/loops/exercise/letters-balance.html]
[csharpexercises.com/loops/exercise/replace-two-words.html]
[csharpexercises.com/loops/exercise/digital-root.html]
[csharpexercises.com/strings/difficulty.html]
[csharpexercises.com/strings/dateAdded.html]
[csharpexercises.com/strings/exercise/check-brackets-sequence.html]
[csharpexercises.com/strings/exercise/add-separator.html]
[csharpexercises.com/strings/exercise/is-palindrome.html]
[csharpexercises.com/strings/exercise/length-of-string.html]
[csharpexercises.com/strings/exercise/string-in-reverse-order.html]
[csharpexercises.com/strings/exercise/make-uppercase.html]
[csharpexercises.com/strings/exercise/mix-two-strings.html]
[csharpexercises.com/strings/exercise/number-of-words.html]
[csharpexercises.com/strings/exercise/revert-words-order.html]
[csharpexercises.com/strings/exercise/how-many-occurrences.html]
[csharpexercises.com/strings/exercise/sort-characters-descending.html]
[csharpexercises.com/strings/exercise/compress-string.html]
[csharpexercises.com/recursion/difficulty.html]
[csharpexercises.com/recursion/dateAdded.html]
[csharpexercises.com/recursion/exercise/digits-multiplication.html]
[csharpexercises.com/recursion/exercise/factorial.html]
[csharpexercises.com/recursion/exercise/fibonacci-number.html]
[csharpexercises.com/recursion/exercise/numbers-multiplication.html]
[csharpexercises.com/recursion/exercise/to-the-power-of-(recursion).html]
[csharpexercises.com/recursion/exercise/is-palindrome-(recursion).html]
[csharpexercises.com/recursion/exercise/minimum-element.html]
[csharpexercises.com/library-functions/difficulty.html]
[csharpexercises.com/library-functions/dateAdded.html]
[csharpexercises.com/library-functions/exercise/negative-or-positive.html]
[csharpexercises.com/library-functions/exercise/replace-x-with-y.html]
[csharpexercises.com/library-functions/exercise/to-lower-or-to-upper.html]
[csharpexercises.com/library-functions/exercise/if-starts-with-lower-case.html]
[csharpexercises.com/regular-expressions/difficulty.html]
[csharpexercises.com/regular-expressions/dateAdded.html]
[csharpexercises.com/regular-expressions/exercise/almost-only-letters.html]
[csharpexercises.com/regular-expressions/exercise/check-phone-number.html]
[csharpexercises.com/regular-expressions/exercise/decimal-digit-information.html]
[csharpexercises.com/regular-expressions/exercise/every-word-in-the-string.html]
[csharpexercises.com/regular-expressions/exercise/replace-good-with-bad.html]
[csharpexercises.com/linq/difficulty.html]
[csharpexercises.com/linq/dateAdded.html]
[csharpexercises.com/linq/exercise/numbers-from-range.html]
[csharpexercises.com/linq/exercise/minimum-length.html]
[csharpexercises.com/linq/exercise/select-words.html]
[csharpexercises.com/linq/exercise/top-5-numbers.html]
[csharpexercises.com/linq/exercise/square-greater-than-20.html]
[csharpexercises.com/linq/exercise/replace-substring.html]
[csharpexercises.com/linq/exercise/uppercase-only.html]
[csharpexercises.com/linq/exercise/arrays-dot-product.html]
[csharpexercises.com/linq/exercise/frequency-of-letters.html]
[csharpexercises.com/linq/exercise/shuffle-an-array.html]
[csharpexercises.com/linq/exercise/decrypt-number.html]
[csharpexercises.com/linq/exercise/most-frequent-character.html]
[csharpexercises.com/linq/exercise/transpose-an-array.html]
[csharpexercises.com/linq/exercise/days-names.html]
[csharpexercises.com/linq/exercise/double-letters.html]
[csharpexercises.com/miscellaneous/difficulty.html]
[csharpexercises.com/miscellaneous/dateAdded.html]
[csharpexercises.com/miscellaneous/exercise/how-many-days.html]
[csharpexercises.com/miscellaneous/exercise/how-many-days.html]
